Former O
U.N. B-org
Secretary B-per
General I-per
Kofi I-per
Annan I-per
had O
called O
for O
a O
12-month O
extension O
before O
leaving O
his O
post O
last O
year O
. O

The O
government O
also O
has O
suspended O
the O
mayors O
of O
the O
cities O
of O
Xingning B-geo
and O
Meizhou B-geo
for O
failing O
to O
supervise O
coal O
mine O
production O
. O

The O
settlers O
were O
apparently O
retaliating O
because O
the O
army O
removed O
a O
settler O
's O
caravan O
from O
an O
unauthorized O
settlement O
outpost O
in O
the O
area O
earlier O
in O
the O
day B-tim
. O

Interim O
Iraqi B-gpe
Prime B-per
Minister I-per
Iyad I-per
Allawi I-per
says O
he O
will O
more O
than O
double O
the O
size O
of O
Iraq B-geo
's O
army O
to O
1,50,000 O
troops O
, O
in O
the O
face O
of O
a O
deadly O
insurgency O
that O
has O
killed O
more O
than O
100 O
Iraqis B-geo
over O
the O
past O
week O
alone O
. O

Ms. B-per
Rice I-per
will O
travel O
to O
India B-geo
, O
Pakistan B-geo
, O
Afghanistan B-geo
, O
Japan B-geo
, O
South B-geo
Korea B-geo
and O
China B-geo
before O
returning O
to O
Washington B-geo
on O
March B-tim
21 I-tim
. O

The O
People O
's O
Liberation O
Army O
Daily O
newspaper O
said O
Saturday B-tim
the O
2.3-million-strong O
army O
should O
make O
urgent O
plans O
to O
detect O
the O
virus O
and O
stop O
its O
spread O
. O

The O
Saudi B-gpe
government O
launched O
an O
aggressive O
anti-terrorism O
campaign O
after O
al-Qaida B-org
militants O
launched O
dramatic O
terrorist O
attacks O
against O
Western O
targets O
in O
2003 B-tim
. O

Their O
deaths O
bring O
to O
at O
least O
10 O
the O
number O
of O
coalition O
troops O
killed O
in O
recent O
days O
. O

Mr. B-per
Haradinaj I-per
has O
insisted O
his O
actions O
were O
consistent O
with O
international O
law O
. O

A O
Taliban B-org
spokesman O
earlier O
denied O
responsibility O
for O
the O
attack O
. O

South O
African B-gpe
health O
officials O
say O
they O
have O
confirmed O
six O
new O
cases O
of O
a O
deadly O
and O
extremely O
drug-resistant O
strain O
of O
tuberculosis O
. O

The O
IAEA B-org
has O
been O
pressing O
Iran B-geo
for O
months O
for O
access O
to O
the O
military O
site O
, O
located O
about O
30 O
kilometers O
southeast O
of O
Tehran B-geo
. O

He O
has O
, O
however O
, O
appeared O
in O
videos O
and O
photographs O
, O
and O
articles O
attributed O
to O
him O
have O
been O
published O
in O
the O
state-run O
media O
. O

The O
group O
includes O
personnel O
who O
were O
scheduled O
to O
rotate O
home O
in O
September B-tim
and O
others O
whose O
deployments O
would O
be O
cut O
short O
. O

International O
observers O
say O
there O
is O
no O
evidence O
of O
widespread O
fraud O
in O
the O
run-off O
. O

The O
secretary-general B-org
will O
also O
be O
traveling O
to O
the O
Darfur B-geo
region O
himself O
and O
to O
Sudan B-geo
's O
southern O
town O
of O
Rumbek B-geo
, O
where O
he O
will O
examine O
the O
peace O
process O
. O

China B-geo
's O
Commerce B-org
Ministry I-org
says O
major O
differences O
remain O
between O
Beijing B-geo
and O
Washington B-geo
over O
textile O
exports O
after O
two O
days O
of O
talks O
on O
the O
issue O
in O
San B-geo
Francisco B-geo
, O
California O
earlier O
this O
week O
. O

The O
rebels O
, O
generally O
called O
Ex-FAR O
( O
members O
of O
the O
former O
Rwandan B-gpe
army O
) O
and O
Interahamwe B-org
, O
are O
mostly O
responsible O
for O
the O
1994 O
Rwandan B-gpe
genocide O
that O
killed O
about O
8,00,000 O
people O
during O
a O
three-month B-tim
period O
. O

Speaking O
to O
Iranian B-gpe
state O
television O
, O
Nourollah O
Rezai B-per
Niaraki I-per
rejected O
earlier O
reports O
that O
as O
many O
80 O
people O
died O
in O
the O
crash O
Friday B-tim
. O

He O
assembled O
a O
good O
many O
Foxes O
and O
publicly O
advised O
them O
to O
cut O
off O
their O
tails O
, O
saying O
that O
they O
would O
not O
only O
look O
much O
better O
without O
them O
, O
but O
that O
they O
would O
get O
rid O
of O
the O
weight O
of O
the O
brush O
, O
which O
was O
a O
very O
great O
inconvenience O
. O

The O
French-Colombian O
politician O
has O
been O
on O
a O
tour O
of O
South O
American B-gpe
countries O
to O
solicit O
regional O
support O
for O
persuading O
rebels O
with O
the O
Revolutionary O
Armed O
Forces O
of O
Colombia B-geo
, O
or O
FARC B-org
, O
to O
release O
their O
captives O
. O

Mr. B-per
Lopez I-per
Obrador I-per
addressed O
hundreds O
of O
supporters O
outside O
party O
offices O
, O
just O
one O
day B-tim
after O
he O
stepped O
down O
as O
the O
capital O
city O
's O
mayor O
. O

The O
ministry O
said O
the O
bill O
is O
in O
rigorous O
compliance O
with O
press O
freedoms O
guaranteed O
under O
the O
constitution O
and O
international O
treaties O
. O

A O
spokesman O
for O
Mr. B-per
Zardari I-per
, O
Farhatullah B-per
Babar I-per
, O
also O
called O
for O
better O
access O
to O
European B-org
Union I-org
markets O
to O
help O
boost O
Pakistan B-geo
's O
economy O
. O

Aid O
groups O
say O
that O
more O
than O
230 O
Afghan B-gpe
civilians O
have O
been O
killed O
this O
year O
in O
operations O
by O
NATO B-geo
and O
U.S.-led O
troops O
. O

Mr. B-per
Bush I-per
said O
at O
the O
White O
House O
Tuesday B-tim
, O
that O
Rumsfeld O
is O
doing O
a O
" O
fine O
" O
job O
. O

Khan B-per
never O
arrived O
in O
the O
country O
and O
the O
plot O
was O
never O
carried O
out O
. O

Azeris O
speak O
a O
language O
close O
to O
Turkish B-gpe
. O

Witnesses O
and O
unnamed O
security O
officials O
identified O
the O
teachers O
as O
the O
Dutch B-gpe
principal O
Hendrik B-per
Taatgen I-per
and O
his O
Australian B-gpe
deputy O
Brian B-per
Ambrosio I-per
of O
an O
American-run O
school O
in O
Beit B-geo
Lahiya I-geo
. O

The O
commission O
had O
suggested O
converting O
parts O
of O
ruined O
neighborhoods O
into O
parks O
and O
imposing O
a O
ban O
on O
building O
permits O
in O
some O
areas O
. O

Oil O
prices O
hit O
a O
17-month O
low O
Monday B-tim
as O
investors O
worried O
that O
a O
global O
economic O
slowdown O
will O
cut O
demand O
for O
energy O
. O

The O
Swedish B-gpe
security O
police O
say O
the O
man O
, O
a O
Swedish B-gpe
citizen O
, O
was O
detained O
in O
the O
capital O
of O
Stockholm B-geo
on O
Tuesday B-tim
. O

Tensions O
have O
risen O
between O
the O
two O
nations O
since O
Sudanese B-gpe
rebels O
attacked O
the O
Chadian B-gpe
town O
of O
Adre B-geo
last O
month O
. O

A O
top O
member O
of O
the O
Obama O
administration O
begins O
a O
visit O
to O
the O
Middle O
East O
Sunday B-tim
to O
discuss O
global O
security O
. O

Palestinian B-gpe
security O
officials O
say O
masked O
Palestinian B-gpe
police O
briefly O
stormed O
a O
government O
building O
in O
the O
Gaza B-geo
Strip I-geo
in O
anger O
over O
not O
receiving O
their O
salaries O
from O
the O
Hamas-led O
government O
. O

Zimbabwe B-geo
's O
main O
labor B-org
union I-org
says O
two O
South O
African-based O
trade O
union O
workers O
were O
deported O
Wednesday B-tim
shortly O
after O
they O
arrived O
in O
Harare B-geo
where O
they O
were O
planning O
to O
discuss O
the O
establishment O
of O
a O
trade O
union O
school O
. O

In O
National B-org
Basketball I-org
Association I-org
( I-org
NBA O
) O
action O
Thursday B-tim
, O
Tracy B-per
McGrady I-per
scored O
34 O
points O
to O
lead O
the O
Houston O
Rockets O
over O
the O
Cleveland O
Cavaliers O
, O
90-81 O
in O
Cleveland B-geo
. O

Airline O
officials O
say O
the O
plane O
was O
carrying O
104 O
people O
, O
including O
a O
number O
of O
foreigners O
. O

Major O
U.S. B-geo
stock O
indexes O
swung O
between O
gains O
and O
losses O
in O
Monday B-tim
's O
volatile O
trading O
but O
were O
down O
as O
much O
as O
one O
percent O
by O
the O
close O
. O

He O
added O
that O
the O
president O
's O
security O
team O
is O
following O
up O
with O
Turkish B-gpe
authorities O
about O
the O
case O
, O
as O
is O
standard O
practice O
. O

Karen B-per
Hughes I-per
, O
a O
long-time O
advisor O
to O
the O
president O
, O
is O
slated O
to O
arrive O
in O
Egypt B-geo
Sunday B-tim
as O
part O
of O
what O
she O
says O
is O
a O
campaign O
to O
counter O
a O
terrorist O
message O
of O
hate O
with O
one O
of O
freedom O
and O
hope O
. O

They O
discussed O
Haiti B-geo
's O
inclusion O
in O
Venezuela B-geo
's O
Petrocaribe B-org
program O
which O
offers O
generous O
payment O
options O
to O
Caribbean O
countries O
for O
the O
purchase O
of O
Venezuelan O
oil O
. O

Justice B-org
Department I-org
officials O
notified O
judges O
presiding O
over O
the O
cases O
at O
the O
U.S. B-geo
District O
Court O
in O
Washington B-geo
that O
official O
motions O
to O
dismiss O
the O
lawsuits O
will O
be O
filed O
. O

In O
December B-tim
2005 I-tim
, O
Bolivians O
elected O
Movement O
Toward O
Socialism O
leader O
Evo B-per
MORALES I-per
president I-per
- O
by O
the O
widest O
margin O
of O
any O
leader O
since O
the O
restoration O
of O
civilian O
rule O
in O
1982 B-tim
- I-tim
after O
he O
ran O
on O
a O
promise O
to O
change O
the O
country O
's O
traditional O
political O
class O
and O
empower O
the O
nation O
's O
poor O
, O
indigenous O
majority O
. O

Supporters O
of O
Pakistan B-geo
's O
suspended O
chief O
justice O
have O
taken O
to O
the O
streets O
in O
a O
show O
of O
solidarity O
. O

No O
casualties O
were O
reported O
, O
but O
the O
government O
of O
northern O
Iraq B-geo
's O
Kurdish O
region O
says O
Iranian B-gpe
shelling O
has O
caused O
serious O
concern O
among O
residents O
. O

Millions O
of O
Americans B-gpe
traditionally O
enjoy O
a O
roasted O
turkey B-org
meal O
on O
this O
Thursday B-tim
's O
Thanksgiving B-tim
Day I-tim
holiday O
. O

She O
also O
met O
with O
Egyptian B-gpe
democracy O
activists O
Wednesday B-tim
. O

In O
a O
statement O
released O
Thursday B-tim
, O
Australian B-gpe
Defense O
Minister O
Robert B-per
Hill I-per
said O
the O
military O
's O
primary O
mission O
to O
restore O
hospital O
services O
, O
water O
and O
other O
infrastructure O
has O
been O
achieved O
. O

The O
U.N. B-geo
war O
crimes O
tribunal O
in O
The O
Hague B-geo
has O
already O
sentenced O
14 O
Serbs O
for O
their O
key O
roles O
in O
the O
killings O
. O

Hundreds O
of O
Pakistani B-gpe
women O
have O
gathered O
in O
the O
capital O
, O
Islamabad B-geo
, O
to O
denounce O
President B-per
Pervez I-per
Musharraf I-per
's O
reported O
remarks O
about O
rape O
victims O
in O
the O
country O
, O
and O
to O
demand O
his O
apology O
. O

In O
an O
interview O
broadcast O
Monday B-tim
by O
the O
British B-org
Broadcasting I-org
Corporation I-org
, O
Mr. B-per
Assad I-per
said O
he O
is O
ready O
to O
hold O
talks O
with O
Israel B-geo
but O
that O
an O
impartial O
arbiter O
is O
needed O
to O
mediate O
between O
the O
two O
sides O
. O

It O
says O
the O
operation O
is O
threatening O
the O
last O
major O
tract O
of O
undisturbed O
tropical O
forests O
in O
the O
entire O
Asia-Pacific O
region O
. O

A O
suicide O
car O
bomb O
exploded O
in O
southern O
Iraq B-geo
Sunday B-tim
outside O
an O
apartment O
building O
used O
by O
a O
Shi'ite O
militia O
, O
killing O
at O
least O
one O
person O
and O
wounding O
several O
others O
. O

The O
two O
leaders O
were O
to O
have O
met O
today O
, O
but O
the O
meeting O
was O
canceled O
after O
a O
10-day O
upsurge O
in O
violence O
. O

Prosecutors O
say O
Crnogorac O
was O
a O
member O
of O
Bosnian B-gpe
Serb O
forces O
that O
captured O
the O
U.N.-protected O
Srebrenica B-geo
enclave I-geo
on O
July B-tim
11 I-tim
, I-tim
1995 I-tim
, O
at O
the O
end O
of O
Bosnia B-geo
's O
three-year O
war O
. O

Both O
men O
held O
separate O
talks O
in O
Beirut B-geo
last O
week O
. O

The O
incident O
happened O
in O
the O
same O
area O
where O
Israeli B-gpe
soldiers O
shot O
and O
killed O
three O
Egyptian B-gpe
police O
officers O
Thursday B-tim
. O

The O
statement O
recommended O
that O
all O
Americans B-gpe
, O
including O
journalists O
and O
aid O
workers O
, O
defer O
travel O
to O
the O
West B-org
Bank I-org
and O
avoid O
any O
travel O
in O
the O
Gaza B-geo
Strip I-geo
. O

Pakistani B-gpe
President B-per
Pervez I-per
Musharraf I-per
and O
British B-gpe
Prime B-per
Minister O
Tony B-per
Blair I-per
are O
holding O
talks O
today O
expected O
to O
be O
dominated O
by O
the O
fight O
against O
terrorism O
, O
the O
Middle O
East O
, O
Afghanistan B-geo
and O
Kashmir B-geo
. O

Among O
the O
hardest O
hit O
are O
retirees O
. O

Officials O
say O
Leon B-per
Panetta I-per
will O
be O
nominated O
as O
director O
of O
the O
CIA O
in O
the O
new O
Obama O
administration O
. O

Mr. B-per
Cavaco I-per
Silva I-per
has O
promised O
to O
revitalize O
Portugal B-geo
's O
economy O
. O

Most O
of O
those O
already O
freed O
are O
ordinary O
prisoners O
. O

CNN B-org
says O
the O
Farsi O
word O
for O
" O
technology O
" O
was O
mistakenly O
translated O
into O
" O
weapons O
. O
" O

India B-geo
was O
6 O
without O
loss O
after O
surviving O
eight O
overs O
before O
stumps O
. O

The O
U.N. B-org
Security I-org
Council I-org
in O
1999 B-tim
called O
on O
nations O
to O
freeze O
the O
assets O
of O
groups O
and O
individuals O
with O
suspected O
links O
to O
Osama B-per
bin I-per
Laden I-per
's O
al-Qaida B-org
network O
and O
Afghanistan B-geo
's O
ousted O
Taleban B-org
regime O
. O

Chrysler O
saw O
sales O
fall O
about O
eight O
percent O
. O

But O
both O
sides O
are O
claiming O
numerous O
instances O
of O
voting O
irregularities O
. O

Many O
of O
them O
suffered O
severe O
burns O
in O
the O
gas O
tanker O
explosion O
. O

The O
Hart O
, O
at O
the O
point O
of O
death O
, O
groaned O
: O

About O
200 O
passengers O
were O
thought O
to O
be O
aboard O
the O
Sudan B-geo
Airways O
plane O
when O
it O
landed O
in O
bad O
weather O
late O
Tuesday B-tim
. O

U.S. B-geo
crude O
oil O
prices O
have O
risen O
to O
another O
record O
high O
, O
passing O
$ O
78 O
a O
barrel O
, O
as O
violence O
in O
the O
Middle O
East O
and O
Nigeria B-geo
threatened O
supplies O
. O

There O
has O
been O
no O
claim O
of O
responsibility O
for O
the O
bombing O
. O

United B-geo
Nations O
forensic O
experts O
have O
recovered O
more O
than O
16,000 O
bodies O
from O
more O
than O
300 O
mass O
graves O
in O
Bosnia B-geo
. O

And O
leaders O
from O
several O
African B-gpe
countries O
praised O
the O
run-off O
as O
peaceful O
, O
transparent O
, O
free O
and O
fair O
. O

The O
United B-org
Nations I-org
Food I-org
and I-org
Agriculture I-org
Organization I-org
says O
climate O
change O
may O
hurt O
food O
production O
in O
tropical O
areas O
. O

Foreign O
governments O
and O
aid O
organization O
have O
promised O
to O
help O
Nigeria B-geo
contain O
the O
virus O
, O
which O
has O
killed O
nearly O
90 O
people O
worldwide O
since B-tim
2003 I-tim
. O

Another O
roadside O
bomb O
blast O
in O
central O
Baghdad B-geo
today O
killed O
an O
Iraqi B-gpe
security O
official O
. O

He O
is O
seeking O
the O
party O
's O
nomination O
to O
run O
for O
president O
in O
2008 B-tim
. O

Ukraine B-geo
's O
security O
service O
has O
denied O
any O
involvement O
in O
the O
poisoning O
of O
opposition O
presidential O
candidate O
Viktor B-per
Yushchenko I-per
. O

Michael B-per
Green I-per
, O
director O
for O
Asian O
affairs O
on O
the O
U.S. B-org
National I-org
Security I-org
Council I-org
, O
says O
the O
Bush O
administration O
is O
holding O
out O
hope O
that O
Pyongyang B-geo
will O
return O
to O
the O
negotiations O
. O

Abkhaz B-gpe
power O
company O
chief O
Sergei B-per
Bagapsh I-per
was O
thought O
to O
be O
his O
most O
serious O
opponent O
. O

Some O
political O
analysts O
suggest O
that O
a O
major O
motive O
was O
to O
gain O
international O
acceptance O
for O
these O
countries O
' O
own O
policies O
toward O
minorities O
such O
as O
the O
Chechens O
, O
Kashmiris O
, O
Tibetans O
, O
and O
Uighurs O
. O

In O
an O
interview O
published O
Sunday B-tim
by O
a O
French B-gpe
newspaper O
, O
Nord B-org
Eclair I-org
, O
the O
former O
prime O
minister O
said O
he O
would O
stand O
for O
office O
as O
head O
of O
the O
" O
Rally O
for O
Republicans O
" O
party O
. O

A O
media O
official O
for O
Beijing B-geo
's O
Olympic B-org
organizing I-org
committee I-org
, O
Li B-per
Zhanjun I-per
, O
told O
reporters O
Tuesday B-tim
that O
the O
database O
was O
not O
created O
to O
monitor O
or O
threaten O
journalists O
. O

Burma B-geo
's O
pro-democracy O
leader O
, O
Aung B-geo
San I-geo
Suu I-geo
Kyi I-geo
, O
is O
resting O
at O
her O
home O
in O
Rangoon B-geo
after O
being O
treated O
at O
a O
hospital O
for O
a O
stomach O
illness O
. O

Mr. B-per
Jackson I-per
faces O
10 O
charges O
involving O
alleged O
sexual O
molestation O
of O
a O
child O
under O
the O
age O
of O
14 B-tim
. O

Following O
nearly O
16 O
years O
of O
military O
rule O
, O
a O
new O
constitution O
was O
adopted O
in O
1999 B-tim
, O
and O
a O
peaceful O
transition O
to O
civilian O
government O
was O
completed O
. O

The O
socialist O
leader O
said O
Uruguay B-geo
will O
resume O
diplomatic O
ties O
with O
Havana B-geo
on O
March B-tim
first I-tim
, O
when O
he O
takes O
office O
. O

Romanian B-gpe
voters O
go O
to O
the O
polls O
Sunday B-tim
in O
presidential O
and O
parliamentary O
elections O
. O

The O
chairman O
of O
the O
Kenya B-org
Media I-org
Council I-org
, O
Wachira B-org
Waruru I-org
, O
called O
the O
measure O
a O
blow O
against O
freedom O
of O
the O
press O
. O

Before O
his O
arrival O
, O
Mr. B-per
Clinton I-per
told O
a O
Hong B-geo
Kong I-geo
newspaper O
group O
he O
supports O
Beijing B-geo
's O
one-China B-geo
policy O
, O
which O
claims O
Taiwan B-geo
as O
part O
of O
China B-geo
. O

Israel B-geo
's O
foreign O
minister O
, O
Avigdor B-per
Lieberman I-per
, O
says O
that O
continuing O
the O
moratorium O
would O
upset O
Israeli B-gpe
settlers O
who O
have O
threatened O
to O
bring O
down O
Israel B-geo
's O
ruling O
coalition O
if O
the O
construction O
freeze O
is O
not O
lifted O
. O

Beijing B-geo
does O
not O
allow O
countries O
to O
recognize O
both O
China B-geo
and O
Taiwan B-geo
, O
which O
it O
sees O
as O
a O
renegade O
province O
. O

It O
was O
not O
immediately O
clear O
who O
was O
responsible O
. O

Garment O
production O
is O
by O
far O
the O
most O
important O
industry O
with O
the O
employment O
of O
17,500 O
mostly O
Chinese B-gpe
workers O
and O
sizable O
shipments O
to O
the O
US O
under O
duty O
and O
quota O
exemptions O
. O

Mr. B-per
Bakri I-per
triggered O
British B-gpe
outrage O
after O
the O
July B-tim
7 I-tim
bombings O
in O
London B-geo
when O
he O
said O
he O
would O
never O
tip O
off O
police O
if O
he O
knew O
a O
Muslim O
was O
about O
to O
carry O
out O
an O
attack O
. O

Separately O
, O
authorities O
say O
a O
police O
general O
and O
two O
of O
his O
bodyguards O
were O
killed O
in O
a O
roadside O
bombing O
near O
Kirkuk B-geo
. O

Mr. B-per
Koizumi I-per
's O
one-day O
visit O
to O
Pakistan B-geo
comes O
after O
his O
stop O
for O
talks O
Friday B-tim
in O
India B-geo
. O

