Former JJ O
U.N. NNP B-geo
Secretary NNP O
General NNP B-per
Kofi NNP I-per
Annan NNP I-per
had VBD O
called VBN O
for IN O
a DT O
12-month JJ O
extension NN O
before IN O
leaving VBG O
his PRP$ O
post NN O
last JJ O
year NN O
. . O

The DT O
government NN O
also RB O
has VBZ O
suspended VBN O
the DT O
mayors NNS O
of IN O
the DT O
cities NNS O
of IN O
Xingning VBG O
and CC O
Meizhou NNP B-geo
for IN O
failing VBG O
to TO O
supervise VB O
coal NN O
mine NN O
production NN O
. . O

The DT O
settlers NNS O
were VBD O
apparently RB O
retaliating VBG O
because IN O
the DT O
army NN O
removed VBD O
a DT O
settler NN O
's POS O
caravan NN O
from IN O
an DT O
unauthorized JJ O
settlement NN O
outpost NN O
in IN O
the DT O
area NN O
earlier RBR O
in IN O
the DT O
day NN O
. . O

Interim NNP B-geo
Iraqi JJ B-gpe
Prime NNP B-per
Minister NNP I-per
Iyad NNP I-per
Allawi NNP I-per
says VBZ O
he PRP O
will MD O
more RBR O
than IN O
double VB O
the DT O
size NN O
of IN O
Iraq NNP B-geo
's POS O
army NN O
to TO O
1,50,000 CD O
troops NNS O
, , O
in IN O
the DT O
face NN O
of IN O
a DT O
deadly JJ O
insurgency NN O
that WDT O
has VBZ O
killed VBN O
more JJR O
than IN O
100 CD O
Iraqis NNS O
over IN O
the DT O
past JJ O
week NN O
alone RB O
. . O

Ms. NNP B-per
Rice NNP I-per
will MD O
travel VB O
to TO O
India NNP B-geo
, , O
Pakistan NNP B-geo
, , O
Afghanistan NNP B-geo
, , O
Japan NNP B-geo
, , O
South NNP B-geo
Korea NNP I-geo
and CC O
China NNP B-geo
before IN O
returning VBG O
to TO O
Washington NNP B-geo
on IN O
March NNP B-tim
21 CD O
. . O

The DT O
People NNS O
's POS O
Liberation NNP B-per
Army NNP B-org
Daily NNP I-org
newspaper NN O
said VBD O
Saturday NNP B-tim
the DT O
2.3-million-strong JJ O
army NN O
should MD O
make VB O
urgent JJ O
plans NNS O
to TO O
detect VB O
the DT O
virus NN O
and CC O
stop VB O
its PRP$ O
spread NN O
. . O

The DT O
Saudi JJ O
government NN O
launched VBD O
an DT O
aggressive JJ O
anti-terrorism NN O
campaign NN O
after IN O
al-Qaida NNP B-org
militants NNS I-org
launched VBD O
dramatic JJ O
terrorist JJ O
attacks NNS O
against IN O
Western JJ O
targets NNS O
in IN O
2003 CD B-tim
. . O

Their PRP$ O
deaths NNS O
bring VBP O
to TO O
at IN O
least JJS O
10 CD O
the DT O
number NN O
of IN O
coalition NN O
troops NNS O
killed VBN O
in IN O
recent JJ O
days NNS O
. . O

Mr. NNP B-per
Haradinaj NNP I-per
has VBZ O
insisted VBN O
his PRP$ O
actions NNS O
were VBD O
consistent JJ O
with IN O
international JJ O
law NN O
. . O

A DT O
Taliban NNP B-org
spokesman NN O
earlier RB O
denied VBD O
responsibility NN O
for IN O
the DT O
attack NN O
. . O

South JJ O
African JJ B-gpe
health NN O
officials NNS O
say VBP O
they PRP O
have VBP O
confirmed VBN O
six CD O
new JJ O
cases NNS O
of IN O
a DT O
deadly JJ O
and CC O
extremely RB O
drug-resistant JJ O
strain NN O
of IN O
tuberculosis NN O
. . O

The DT O
IAEA NNP B-org
has VBZ O
been VBN O
pressing VBG O
Iran NNP B-geo
for IN O
months NNS O
for IN O
access NN O
to TO O
the DT O
military JJ O
site NN O
, , O
located VBN O
about IN O
30 CD B-tim
kilometers NNS O
southeast NN O
of IN O
Tehran NNP B-geo
. . O

He PRP O
has VBZ O
, , O
however RB O
, , O
appeared VBN O
in IN O
videos NNS O
and CC O
photographs NNS O
, , O
and CC O
articles NNS O
attributed VBD O
to TO O
him PRP O
have VBP O
been VBN O
published VBN O
in IN O
the DT O
state-run JJ O
media NNS O
. . O

The DT O
group NN O
includes VBZ O
personnel NNS O
who WP O
were VBD O
scheduled VBN O
to TO O
rotate VB O
home NN O
in IN O
September NNP B-tim
and CC O
others NNS O
whose WP$ O
deployments NNS O
would MD O
be VB O
cut VBN O
short JJ O
. . O

International NNP O
observers NNS O
say VBP O
there EX O
is VBZ O
no DT O
evidence NN O
of IN O
widespread JJ O
fraud NN O
in IN O
the DT O
run-off NN O
. . O

The DT B-org
secretary-general NN I-org
will MD O
also RB O
be VB O
traveling VBG O
to TO O
the DT O
Darfur NNP B-geo
region NN O
himself PRP O
and CC O
to TO O
Sudan NNP B-geo
's POS O
southern JJ O
town NN O
of IN O
Rumbek NNP B-geo
, , O
where WRB O
he PRP O
will MD O
examine VB O
the DT O
peace NN O
process NN O
. . O

China NNP B-geo
's POS O
Commerce NNP B-org
Ministry NNP I-org
says VBZ O
major JJ O
differences NNS O
remain VBP O
between IN O
Beijing NNP B-geo
and CC O
Washington NNP B-geo
over IN O
textile JJ O
exports NNS O
after IN O
two CD B-tim
days NNS O
of IN O
talks NNS O
on IN O
the DT O
issue NN O
in IN O
San NNP O
Francisco NNP O
, , O
California NNP O
earlier RBR O
this DT O
week NN O
. . O

The DT O
rebels NNS O
, , O
generally RB O
called VBN O
Ex-FAR NN O
( LRB O
members NNS O
of IN O
the DT O
former JJ O
Rwandan JJ O
army NN O
) RRB O
and CC O
Interahamwe NNP B-geo
, , O
are VBP O
mostly RB O
responsible JJ O
for IN O
the DT O
1994 CD O
Rwandan JJ O
genocide NN O
that WDT O
killed VBD O
about IN O
8,00,000 CD O
people NNS O
during IN O
a DT O
three-month JJ O
period NN O
. . O

Speaking VBG O
to TO O
Iranian JJ B-gpe
state NN O
television NN O
, , O
Nourollah NNP B-per
Rezai NNP I-per
Niaraki NNP I-per
rejected VBD O
earlier JJR O
reports NNS O
that IN O
as IN O
many JJ O
80 CD O
people NNS O
died VBD O
in IN O
the DT O
crash NN O
Friday NNP B-tim
. . O

He PRP O
assembled VBD O
a DT O
good JJ O
many JJ O
Foxes NNS O
and CC O
publicly RB O
advised VBD O
them PRP O
to TO O
cut VB O
off RP O
their PRP$ O
tails NNS O
, , O
saying VBG O
that IN O
they PRP O
would MD O
not RB O
only RB O
look VB O
much RB O
better JJR O
without IN O
them PRP O
, , O
but CC O
that IN O
they PRP O
would MD O
get VB O
rid JJ O
of IN O
the DT O
weight NN O
of IN O
the DT O
brush NN O
, , O
which WDT O
was VBD O
a DT O
very RB O
great JJ O
inconvenience NN O
. . O

The DT O
French-Colombian JJ O
politician NN O
has VBZ O
been VBN O
on IN O
a DT O
tour NN O
of IN O
South JJ O
American JJ B-gpe
countries NNS O
to TO O
solicit VB O
regional JJ O
support NN O
for IN O
persuading VBG O
rebels NNS O
with IN O
the DT O
Revolutionary JJ B-org
Armed JJ O
Forces NNS O
of IN O
Colombia NNP O
, , O
or CC O
FARC NNP O
, , O
to TO O
release VB O
their PRP$ O
captives NNS O
. . O

Mr. NNP B-per
Lopez NNP I-per
Obrador NNP I-per
addressed VBD O
hundreds NNS O
of IN O
supporters NNS O
outside IN O
party NN O
offices NNS O
, , O
just RB O
one CD O
day NN O
after IN O
he PRP O
stepped VBD O
down RP O
as IN O
the DT O
capital NN O
city NN O
's POS O
mayor NN O
. . O

The DT O
ministry NN O
said VBD O
the DT O
bill NN O
is VBZ O
in IN O
rigorous JJ O
compliance NN O
with IN O
press NN O
freedoms NNS O
guaranteed VBN O
under IN O
the DT O
constitution NN O
and CC O
international JJ O
treaties NNS O
. . O

A DT O
spokesman NN O
for IN O
Mr. NNP B-per
Zardari NNP O
, , O
Farhatullah NNP B-per
Babar NNP I-per
, , O
also RB O
called VBD O
for IN O
better JJR O
access NN O
to TO O
European NNP B-org
Union NNP I-org
markets NNS O
to TO O
help VB O
boost VB O
Pakistan NNP B-geo
's POS O
economy NN O
. . O

Aid JJ O
groups NNS O
say VBP O
that IN O
more JJR O
than IN O
230 CD O
Afghan JJ B-gpe
civilians NNS O
have VBP O
been VBN O
killed VBN O
this DT O
year NN O
in IN O
operations NNS O
by IN O
NATO NNP B-org
and CC O
U.S.-led JJ O
troops NNS O
. . O

Mr. NNP B-per
Bush NNP I-per
said VBD O
at IN O
the DT O
White NNP B-org
House NNP I-org
Tuesday NNP B-tim
, , O
that IN O
Rumsfeld NNP B-geo
is VBZ O
doing VBG O
a DT O
" `` O
fine JJ O
" `` O
job NN O
. . O

Khan NNP B-per
never RB O
arrived VBD O
in IN O
the DT O
country NN O
and CC O
the DT O
plot NN O
was VBD O
never RB O
carried VBN O
out RP O
. . O

Azeris NNS O
speak VBP O
a DT O
language NN O
close RB O
to IN O
Turkish NNP B-gpe
. . O

Witnesses NNS O
and CC O
unnamed JJ O
security NN O
officials NNS O
identified VBD O
the DT O
teachers NNS O
as IN O
the DT O
Dutch JJ O
principal NN O
Hendrik NNP B-per
Taatgen NNP I-per
and CC O
his PRP$ O
Australian JJ O
deputy NN O
Brian NNP B-per
Ambrosio NNP I-per
of IN O
an DT O
American-run JJ O
school NN O
in IN O
Beit NNP O
Lahiya NNP O
. . O

The DT O
commission NN O
had VBD O
suggested VBN O
converting VBG O
parts NNS O
of IN O
ruined JJ O
neighborhoods NNS O
into IN O
parks NNS O
and CC O
imposing VBG O
a DT O
ban NN O
on IN O
building NN O
permits NNS O
in IN O
some DT O
areas NNS O
. . O

Oil NN O
prices NNS O
hit VBD O
a DT O
17-month JJ O
low JJ O
Monday NNP B-tim
as IN O
investors NNS O
worried VBD O
that IN O
a DT O
global JJ O
economic JJ O
slowdown NN O
will MD O
cut VB O
demand NN O
for IN O
energy NN O
. . O

The DT O
Swedish JJ O
security NN O
police NNS O
say VBP O
the DT O
man NN O
, , O
a DT O
Swedish JJ O
citizen NN O
, , O
was VBD O
detained VBN O
in IN O
the DT O
capital NN O
of IN O
Stockholm NNP B-geo
on IN O
Tuesday NNP B-tim
. . O

Tensions NNS O
have VBP O
risen VBN O
between IN O
the DT O
two CD B-tim
nations NNS O
since IN O
Sudanese JJ B-gpe
rebels NNS O
attacked VBD O
the DT O
Chadian JJ O
town NN O
of IN O
Adre NNP B-geo
last JJ O
month NN O
. . O

A DT O
top JJ O
member NN O
of IN O
the DT O
Obama NNP B-per
administration NN O
begins VBZ O
a DT O
visit NN O
to TO O
the DT O
Middle NNP B-geo
East NNP I-geo
Sunday NNP B-tim
to TO O
discuss VB O
global JJ O
security NN O
. . O

Palestinian JJ B-gpe
security NN O
officials NNS O
say VBP O
masked VBN O
Palestinian JJ B-gpe
police NN O
briefly RB O
stormed VBD O
a DT O
government NN O
building NN O
in IN O
the DT O
Gaza NNP B-geo
Strip NNP I-geo
in IN O
anger NN O
over IN O
not RB O
receiving VBG O
their PRP$ O
salaries NNS O
from IN O
the DT O
Hamas-led JJ O
government NN O
. . O

Zimbabwe NNP B-geo
's POS O
main JJ O
labor NN O
union NN O
says VBZ O
two CD O
South NNP B-geo
African-based JJ O
trade NN O
union NN O
workers NNS O
were VBD O
deported VBN O
Wednesday NNP B-tim
shortly RB O
after IN O
they PRP O
arrived VBD O
in IN O
Harare NNP B-geo
where WRB O
they PRP O
were VBD O
planning VBG O
to TO O
discuss VB O
the DT O
establishment NN O
of IN O
a DT O
trade NN O
union NN O
school NN O
. . O

In IN O
National NNP B-org
Basketball NNP I-org
Association NNP I-org
( LRB O
NBA NNP B-geo
) RRB O
action NN O
Thursday NNP B-tim
, , O
Tracy NNP B-per
McGrady NNP I-per
scored VBD O
34 CD O
points NNS O
to TO O
lead VB O
the DT O
Houston NNP B-geo
Rockets NNPS I-geo
over IN O
the DT O
Cleveland NNP O
Cavaliers NNP O
, , O
90-81 CD O
in IN O
Cleveland NNP O
. . O

Airline NN O
officials NNS O
say VBP O
the DT O
plane NN O
was VBD O
carrying VBG O
104 CD O
people NNS O
, , O
including VBG O
a DT O
number NN O
of IN O
foreigners NNS O
. . O

Major NNP O
U.S. NNP B-geo
stock NN O
indexes NNS O
swung VBG O
between IN O
gains NNS O
and CC O
losses NNS O
in IN O
Monday NNP B-tim
's POS O
volatile JJ O
trading NN O
but CC O
were VBD O
down RB O
as RB O
much RB O
as IN O
one CD O
percent NN O
by IN O
the DT O
close NN O
. . O

He PRP O
added VBD O
that IN O
the DT O
president NN O
's POS O
security NN O
team NN O
is VBZ O
following VBG O
up RP O
with IN O
Turkish JJ B-gpe
authorities NNS O
about IN O
the DT O
case NN O
, , O
as IN O
is VBZ O
standard JJ O
practice NN O
. . O

Karen NNP B-per
Hughes NNP I-per
, , O
a DT O
long-time JJ O
advisor NN O
to TO O
the DT O
president NN O
, , O
is VBZ O
slated VBN O
to TO O
arrive VB O
in IN O
Egypt NNP B-geo
Sunday NNP B-tim
as IN O
part NN O
of IN O
what WP O
she PRP O
says VBZ O
is VBZ O
a DT O
campaign NN O
to TO O
counter VB O
a DT O
terrorist JJ O
message NN O
of IN O
hate NN O
with IN O
one CD O
of IN O
freedom NN O
and CC O
hope NN O
. . O

They PRP O
discussed VBD O
Haiti NNP B-geo
's POS O
inclusion NN O
in IN O
Venezuela NNP B-geo
's POS O
Petrocaribe NNP B-geo
program NN O
which WDT O
offers VBZ O
generous JJ O
payment NN O
options NNS O
to TO O
Caribbean JJ O
countries NNS O
for IN O
the DT O
purchase NN O
of IN O
Venezuelan JJ O
oil NN O
. . O

Justice NNP B-org
Department NNP I-org
officials NNS O
notified VBD O
judges NNS O
presiding VBG O
over IN O
the DT O
cases NNS O
at IN O
the DT O
U.S. NNP B-org
District NNP I-org
Court NNP I-org
in IN O
Washington NNP B-geo
that IN O
official JJ O
motions NNS O
to TO O
dismiss VB O
the DT O
lawsuits NNS O
will MD O
be VB O
filed VBN O
. . O

In IN O
December NNP B-tim
2005 CD I-tim
, , O
Bolivians NNS O
elected VBD O
Movement NNP B-per
Toward NNP I-per
Socialism NNP I-per
leader NN O
Evo NNP B-per
MORALES NNP I-per
president NN O
- : O
by IN O
the DT O
widest JJS O
margin NN O
of IN O
any DT O
leader NN O
since IN O
the DT O
restoration NN O
of IN O
civilian JJ O
rule NN O
in IN O
1982 CD O
- : O
after IN O
he PRP O
ran VBD O
on IN O
a DT O
promise NN O
to TO O
change VB O
the DT O
country NN O
's POS O
traditional JJ O
political JJ O
class NN O
and CC O
empower VB O
the DT O
nation NN O
's POS O
poor NN O
, , O
indigenous JJ O
majority NN O
. . O

Supporters NNS O
of IN O
Pakistan NNP B-geo
's POS O
suspended JJ O
chief NN O
justice NN O
have VBP O
taken VBN O
to TO O
the DT O
streets NNS O
in IN O
a DT O
show NN O
of IN O
solidarity NN O
. . O

No DT O
casualties NNS O
were VBD O
reported VBN O
, , O
but CC O
the DT O
government NN O
of IN O
northern JJ O
Iraq NNP B-geo
's POS O
Kurdish JJ O
region NN O
says VBZ O
Iranian JJ B-gpe
shelling NN O
has VBZ O
caused VBN O
serious JJ O
concern NN O
among IN O
residents NNS O
. . O

Millions NNS O
of IN O
Americans NNS B-gpe
traditionally RB O
enjoy VBP O
a DT O
roasted JJ O
turkey NN O
meal NN O
on IN O
this DT O
Thursday NNP B-tim
's POS O
Thanksgiving NNP B-tim
Day NNP I-tim
holiday NN I-tim
. . O

She PRP O
also RB O
met VBD O
with IN O
Egyptian JJ B-gpe
democracy NN O
activists NNS O
Wednesday NNP B-tim
. . O

In IN O
a DT O
statement NN O
released VBN O
Thursday NNP B-tim
, , O
Australian NNP B-org
Defense NNP B-per
Minister NNP I-per
Robert NNP I-per
Hill NNP I-per
said VBD O
the DT O
military NN O
's POS O
primary JJ O
mission NN O
to TO O
restore VB O
hospital NN O
services NNS O
, , O
water NN O
and CC O
other JJ O
infrastructure NN O
has VBZ O
been VBN O
achieved VBN O
. . O

The DT O
U.N. NNP B-geo
war NN O
crimes NNS O
tribunal NN O
in IN O
The DT O
Hague NNP B-geo
has VBZ O
already RB O
sentenced VBN O
14 CD O
Serbs NNS O
for IN O
their PRP$ O
key JJ O
roles NNS O
in IN O
the DT O
killings NNS O
. . O

Hundreds NNS O
of IN O
Pakistani JJ B-gpe
women NNS O
have VBP O
gathered VBN O
in IN O
the DT O
capital NN O
, , O
Islamabad NNP B-geo
, , O
to TO O
denounce VB O
President NNP B-per
Pervez NNP I-per
Musharraf NNP I-per
's POS O
reported JJ O
remarks NNS O
about IN O
rape NN O
victims NNS O
in IN O
the DT O
country NN O
, , O
and CC O
to TO O
demand VB O
his PRP$ O
apology NN O
. . O

In IN O
an DT O
interview NN O
broadcast NN O
Monday NNP B-tim
by IN O
the DT O
British NNP B-org
Broadcasting NNP I-org
Corporation NNP I-org
, , O
Mr. NNP B-per
Assad NNP I-per
said VBD O
he PRP O
is VBZ O
ready JJ O
to TO O
hold VB O
talks NNS O
with IN O
Israel NNP B-geo
but CC O
that IN O
an DT O
impartial JJ O
arbiter NN O
is VBZ O
needed VBN O
to TO O
mediate VB O
between IN O
the DT O
two CD O
sides NNS O
. . O

It PRP O
says VBZ O
the DT O
operation NN O
is VBZ O
threatening VBG O
the DT O
last JJ O
major JJ O
tract NN O
of IN O
undisturbed JJ O
tropical JJ O
forests NNS O
in IN O
the DT O
entire JJ O
Asia-Pacific JJ B-org
region NN O
. . O

A DT O
suicide NN O
car NN O
bomb NN O
exploded VBD O
in IN O
southern JJ O
Iraq NNP B-geo
Sunday NNP B-tim
outside IN O
an DT O
apartment NN O
building NN O
used VBN O
by IN O
a DT O
Shi'ite NNP B-org
militia NN O
, , O
killing VBG O
at IN O
least JJS O
one CD O
person NN O
and CC O
wounding VBG O
several JJ O
others NNS O
. . O

The DT O
two CD B-tim
leaders NNS O
were VBD O
to TO O
have VB O
met VBN O
today NN B-tim
, , O
but CC O
the DT O
meeting NN O
was VBD O
canceled VBN O
after IN O
a DT O
10-day JJ O
upsurge NN O
in IN O
violence NN O
. . O

Prosecutors NNS O
say VBP O
Crnogorac NNP B-geo
was VBD O
a DT O
member NN O
of IN O
Bosnian JJ B-gpe
Serb JJ I-gpe
forces NNS O
that WDT O
captured VBD O
the DT O
U.N.-protected JJ O
Srebrenica NNP B-geo
enclave NN O
on IN O
July NNP B-tim
11 CD I-tim
, , O
1995 CD B-tim
, , O
at IN O
the DT O
end NN O
of IN O
Bosnia NNP O
's POS O
three-year JJ O
war NN O
. . O

Both DT O
men NNS O
held VBD O
separate JJ O
talks NNS O
in IN O
Beirut NNP B-geo
last JJ O
week NN O
. . O

The DT O
incident NN O
happened VBD O
in IN O
the DT O
same JJ O
area NN O
where WRB O
Israeli JJ B-gpe
soldiers NNS O
shot VBD O
and CC O
killed VBD O
three CD O
Egyptian JJ B-gpe
police NN O
officers NNS O
Thursday NNP B-tim
. . O

The DT O
statement NN O
recommended VBD O
that IN O
all DT O
Americans NNS B-gpe
, , O
including VBG O
journalists NNS O
and CC O
aid NN O
workers NNS O
, , O
defer VB O
travel NN O
to TO O
the DT O
West NNP B-org
Bank NNP I-org
and CC O
avoid VB O
any DT O
travel NN O
in IN O
the DT O
Gaza NNP O
Strip NNP O
. . O

Pakistani JJ B-gpe
President NNP B-per
Pervez NNP I-per
Musharraf NNP I-per
and CC O
British JJ B-gpe
Prime NNP B-per
Minister NNP O
Tony NNP B-per
Blair NNP I-per
are VBP O
holding VBG O
talks NNS O
today NN B-tim
expected VBN O
to TO O
be VB O
dominated VBN O
by IN O
the DT O
fight NN O
against IN O
terrorism NN O
, , O
the DT O
Middle NNP O
East NNP O
, , O
Afghanistan NNP O
and CC O
Kashmir NNP O
. . O

Among IN O
the DT O
hardest JJS O
hit NN O
are VBP O
retirees NNS O
. . O

Officials NNS O
say VBP O
Leon NNP B-per
Panetta NNP I-per
will MD O
be VB O
nominated VBN O
as IN O
director NN O
of IN O
the DT O
CIA NNP B-org
in IN O
the DT O
new JJ O
Obama NNP B-per
administration NN O
. . O

Mr. NNP B-per
Cavaco NNP I-per
Silva NNP I-per
has VBZ O
promised VBN O
to TO O
revitalize VB O
Portugal NNP B-geo
's POS O
economy NN O
. . O

Most JJS O
of IN O
those DT O
already RB O
freed VBN O
are VBP O
ordinary JJ O
prisoners NNS O
. . O

CNN NNP B-geo
says VBZ O
the DT O
Farsi NNP B-geo
word NN O
for IN O
" `` O
technology NN O
" `` O
was VBD O
mistakenly RB O
translated VBN O
into IN O
" `` O
weapons NNS O
. . O
" `` O

India NNP B-geo
was VBD O
6 CD O
without IN O
loss NN O
after IN O
surviving VBG O
eight CD O
overs NNS O
before IN O
stumps NNS O
. . O

The DT O
U.N. NNP B-org
Security NNP I-org
Council NNP I-org
in IN B-tim
1999 CD I-tim
called VBD O
on IN O
nations NNS O
to TO O
freeze VB O
the DT O
assets NNS O
of IN O
groups NNS O
and CC O
individuals NNS O
with IN O
suspected JJ O
links NNS O
to TO O
Osama NNP B-per
bin NNP I-per
Laden NNP I-per
's POS O
al-Qaida NNP O
network NN O
and CC O
Afghanistan NNP O
's POS O
ousted JJ O
Taleban NNP O
regime NN O
. . O

Chrysler NNP B-geo
saw VBD O
sales NNS O
fall VB O
about IN O
eight CD O
percent NN O
. . O

But CC O
both DT O
sides NNS O
are VBP O
claiming VBG O
numerous JJ O
instances NNS O
of IN O
voting NN O
irregularities NNS O
. . O

Many NN O
of IN O
them PRP O
suffered VBD O
severe JJ O
burns NNS O
in IN O
the DT O
gas NN O
tanker NN O
explosion NN O
. . O

The DT O
Hart NN O
, , O
at IN O
the DT O
point NN O
of IN O
death NN O
, , O
groaned VBD O
: : O

About RB O
200 CD O
passengers NNS O
were VBD O
thought VBN O
to TO O
be VB O
aboard IN O
the DT O
Sudan NNP B-geo
Airways NNPS I-geo
plane NN O
when WRB O
it PRP O
landed VBD O
in IN O
bad JJ O
weather NN O
late JJ O
Tuesday NNP B-tim
. . O

U.S. NNP B-geo
crude JJ O
oil NN O
prices NNS O
have VBP O
risen VBN O
to TO O
another DT O
record NN O
high NN O
, , O
passing VBG O
$ $ O
78 CD O
a DT O
barrel NN O
, , O
as IN O
violence NN O
in IN O
the DT O
Middle NNP B-geo
East NNP I-geo
and CC O
Nigeria NNP O
threatened VBD O
supplies NNS O
. . O

There EX O
has VBZ O
been VBN O
no DT O
claim NN O
of IN O
responsibility NN O
for IN O
the DT O
bombing NN O
. . O

United NNP B-org
Nations NNP I-org
forensic JJ O
experts NNS O
have VBP O
recovered VBN O
more JJR O
than IN O
16,000 CD O
bodies NNS O
from IN O
more JJR O
than IN O
300 CD O
mass NN O
graves NNS O
in IN O
Bosnia NNP B-geo
. . O

And CC O
leaders NNS O
from IN O
several JJ O
African JJ B-gpe
countries NNS O
praised VBD O
the DT O
run-off NN O
as IN O
peaceful JJ O
, , O
transparent JJ O
, , O
free JJ O
and CC O
fair JJ O
. . O

The DT O
United NNP B-org
Nations NNPS I-org
Food NNP I-org
and CC I-org
Agriculture NNP I-org
Organization NNP I-org
says VBZ O
climate NN O
change NN O
may MD O
hurt VB O
food NN O
production NN O
in IN O
tropical JJ O
areas NNS O
. . O

Foreign JJ O
governments NNS O
and CC O
aid NN O
organization NN O
have VBP O
promised VBN O
to TO O
help VB O
Nigeria NNP B-geo
contain VB O
the DT O
virus NN O
, , O
which WDT O
has VBZ O
killed VBN O
nearly RB O
90 CD O
people NNS O
worldwide JJ O
since IN B-tim
2003 CD I-tim
. . O

Another DT O
roadside NN O
bomb NN O
blast NN O
in IN O
central JJ O
Baghdad NNP B-geo
today NN B-tim
killed VBD O
an DT O
Iraqi JJ B-gpe
security NN O
official NN O
. . O

He PRP O
is VBZ O
seeking VBG O
the DT O
party NN O
's POS O
nomination NN O
to TO O
run VB O
for IN O
president NN O
in IN O
2008 CD B-tim
. . O

Ukraine NNP B-org
's POS I-org
security NN O
service NN O
has VBZ O
denied VBN O
any DT O
involvement NN O
in IN O
the DT O
poisoning NN O
of IN O
opposition NN O
presidential JJ O
candidate NN O
Viktor NNP B-per
Yushchenko NNP I-per
. . O

Michael NNP B-per
Green NNP I-per
, , O
director NN O
for IN O
Asian JJ O
affairs NNS O
on IN O
the DT O
U.S. NNP B-org
National NNP I-org
Security NNP I-org
Council NNP I-org
, , O
says VBZ O
the DT O
Bush NNP B-per
administration NN O
is VBZ O
holding VBG O
out RP O
hope NN O
that IN O
Pyongyang NNP B-org
will MD O
return VB O
to TO O
the DT O
negotiations NNS O
. . O

Abkhaz NNP B-geo
power NN O
company NN O
chief JJ O
Sergei NNP B-per
Bagapsh NNP I-per
was VBD O
thought VBN O
to TO O
be VB O
his PRP$ O
most RBS O
serious JJ O
opponent NN O
. . O

Some DT O
political JJ O
analysts NNS O
suggest VBP O
that IN O
a DT O
major JJ O
motive NN O
was VBD O
to TO O
gain VB O
international JJ O
acceptance NN O
for IN O
these DT O
countries NNS O
' POS O
own JJ O
policies NNS O
toward IN O
minorities NNS O
such JJ O
as IN O
the DT O
Chechens NNS O
, , O
Kashmiris NNS O
, , O
Tibetans NNS O
, , O
and CC O
Uighurs NNS O
. . O

In IN O
an DT O
interview NN O
published VBN O
Sunday NNP B-tim
by IN O
a DT O
French JJ B-gpe
newspaper NN O
, , O
Nord NNP B-per
Eclair NNP I-per
, , O
the DT O
former JJ O
prime JJ O
minister NN O
said VBD O
he PRP O
would MD O
stand VB O
for IN O
office NN O
as IN O
head NN O
of IN O
the DT O
" `` O
Rally NNP O
for IN O
Republicans NNPS O
" `` O
party NN O
. . O

A DT O
media NNS O
official NN O
for IN O
Beijing NNP B-geo
's POS O
Olympic NNP B-org
organizing NN O
committee NN O
, , O
Li NNP B-per
Zhanjun NNP I-per
, , O
told VBD O
reporters NNS O
Tuesday NNP B-tim
that IN O
the DT O
database NN O
was VBD O
not RB O
created VBN O
to TO O
monitor VB O
or CC O
threaten VB O
journalists NNS O
. . O

Burma NNP B-geo
's POS O
pro-democracy JJ O
leader NN O
, , O
Aung NNP B-per
San NNP I-per
Suu NNP I-per
Kyi NNP I-per
, , O
is VBZ O
resting VBG O
at IN O
her PRP$ O
home NN O
in IN O
Rangoon NNP B-geo
after IN O
being VBG O
treated VBN O
at IN O
a DT O
hospital NN O
for IN O
a DT O
stomach NN O
illness NN O
. . O

Mr. NNP B-per
Jackson NNP I-per
faces VBZ O
10 CD O
charges NNS O
involving VBG O
alleged JJ O
sexual JJ O
molestation NN O
of IN O
a DT O
child NN O
under IN O
the DT O
age NN B-tim
of IN I-tim
14 CD I-tim
. . O

Following VBG O
nearly RB O
16 CD O
years NNS O
of IN O
military JJ O
rule NN O
, , O
a DT O
new JJ O
constitution NN O
was VBD O
adopted VBN O
in IN B-tim
1999 CD I-tim
, , O
and CC O
a DT O
peaceful JJ O
transition NN O
to TO O
civilian JJ O
government NN O
was VBD O
completed VBN O
. . O

The DT O
socialist JJ O
leader NN O
said VBD O
Uruguay NNP B-geo
will MD O
resume VB O
diplomatic JJ O
ties NNS O
with IN O
Havana NNP B-geo
on IN O
March NNP B-tim
first RB O
, , O
when WRB O
he PRP O
takes VBZ O
office NN O
. . O

Romanian JJ B-gpe
voters NNS O
go VBP O
to TO O
the DT O
polls NNS O
Sunday NNP B-tim
in IN O
presidential JJ O
and CC O
parliamentary JJ O
elections NNS O
. . O

The DT O
chairman NN O
of IN O
the DT O
Kenya NNP B-org
Media NNP I-org
Council NNP I-org
, , O
Wachira NNP B-per
Waruru NNP I-per
, , O
called VBD O
the DT O
measure NN O
a DT O
blow NN O
against IN O
freedom NN O
of IN O
the DT O
press NN O
. . O

Before IN O
his PRP$ O
arrival NN O
, , O
Mr. NNP B-per
Clinton NNP I-per
told VBD O
a DT O
Hong NNP B-geo
Kong NNP I-geo
newspaper NN O
group NN O
he PRP O
supports VBZ O
Beijing NNP B-geo
's POS O
one-China NNP B-geo
policy NN O
, , O
which WDT O
claims VBZ O
Taiwan NNP B-geo
as IN O
part NN O
of IN O
China NNP O
. . O

Israel NNP B-geo
's POS O
foreign JJ O
minister NN O
, , O
Avigdor NNP B-per
Lieberman NNP I-per
, , O
says VBZ O
that IN O
continuing VBG O
the DT O
moratorium NN O
would MD O
upset VB O
Israeli JJ B-gpe
settlers NNS O
who WP O
have VBP O
threatened VBN O
to TO O
bring VB O
down RP O
Israel NNP O
's POS O
ruling NN O
coalition NN O
if IN O
the DT O
construction NN O
freeze NN O
is VBZ O
not RB O
lifted VBN O
. . O

Beijing NNP B-geo
does VBZ O
not RB O
allow VB O
countries NNS O
to TO O
recognize VB O
both DT O
China NNP B-geo
and CC O
Taiwan NNP B-geo
, , O
which WDT O
it PRP O
sees VBZ O
as IN O
a DT O
renegade NN O
province NN O
. . O

It PRP O
was VBD O
not RB O
immediately RB O
clear JJ O
who WP O
was VBD O
responsible JJ O
. . O

Garment NN O
production NN O
is VBZ O
by IN O
far RB O
the DT O
most RBS O
important JJ O
industry NN O
with IN O
the DT O
employment NN O
of IN O
17,500 CD O
mostly RB O
Chinese JJ B-gpe
workers NNS O
and CC O
sizable JJ O
shipments NNS O
to TO O
the DT O
US NNP O
under IN O
duty NN O
and CC O
quota NN O
exemptions NNS O
. . O

Mr. NNP B-per
Bakri NNP I-per
triggered VBD O
British JJ B-gpe
outrage NN O
after IN O
the DT O
July NNP B-tim
7 CD I-tim
bombings NNS I-tim
in IN O
London NNP B-geo
when WRB O
he PRP O
said VBD O
he PRP O
would MD O
never RB O
tip VB O
off IN O
police NN O
if IN O
he PRP O
knew VBD O
a DT O
Muslim NN O
was VBD O
about IN O
to TO O
carry VB O
out RP O
an DT O
attack NN O
. . O

Separately RB O
, , O
authorities NNS O
say VBP O
a DT O
police NN O
general NN O
and CC O
two CD B-tim
of IN O
his PRP$ O
bodyguards NNS O
were VBD O
killed VBN O
in IN O
a DT O
roadside NN O
bombing NN O
near IN O
Kirkuk NNP B-geo
. . O

Mr. NNP B-per
Koizumi NNP I-per
's POS O
one-day JJ O
visit NN O
to TO O
Pakistan NNP B-geo
comes VBZ O
after IN O
his PRP$ O
stop NN O
for IN O
talks NNS O
Friday NNP B-tim
in IN O
India NNP B-geo
. . O

